// Jest Snapshot v1, https://goo.gl/fbAQLP

exports[`App should match snapshot correctly 1`] = `
<RNCSafeAreaProvider
  onInsetsChange={[Function]}
  style={
    [
      {
        "flex": 1,
      },
      {
        "flexDirection": "column",
      },
    ]
  }
>
  <RNCSafeAreaProvider
    onInsetsChange={[Function]}
    style={
      [
        {
          "flex": 1,
        },
        {
          "bottom": 0,
          "left": 0,
          "position": "absolute",
          "right": 0,
          "top": 0,
        },
      ]
    }
  />
  <RNSScreenNavigationContainer
    style={
      {
        "flex": 1,
        "overflow": "hidden",
      }
    }
  >
    <RNSScreen
      activityState={2}
      collapsable={false}
      gestureResponseDistance={
        {
          "bottom": -1,
          "end": -1,
          "start": -1,
          "top": -1,
        }
      }
      onGestureCancel={[Function]}
      sheetAllowedDetents={
        [
          1,
        ]
      }
      sheetCornerRadius={-1}
      sheetElevation={24}
      sheetExpandsWhenScrolledToEdge={true}
      sheetGrabberVisible={false}
      sheetInitialDetent={0}
      sheetLargestUndimmedDetent={-1}
      style={
        {
          "bottom": 0,
          "left": 0,
          "position": "absolute",
          "right": 0,
          "top": 0,
          "zIndex": undefined,
        }
      }
    >
      <View
        aria-hidden={false}
        collapsable={false}
        style={
          {
            "backgroundColor": "rgb(242, 242, 242)",
            "flex": 1,
          }
        }
      >
        <View
          onLayout={[Function]}
          pointerEvents="box-none"
          style={
            [
              {
                "zIndex": 1,
              },
              null,
            ]
          }
        >
          <View
            collapsable={false}
            pointerEvents="box-none"
            style={
              {
                "height": 120,
                "maxHeight": undefined,
                "minHeight": undefined,
                "opacity": undefined,
                "transform": undefined,
              }
            }
          >
            <View
              collapsable={false}
              pointerEvents="box-none"
              style={
                {
                  "bottom": 0,
                  "left": 0,
                  "position": "absolute",
                  "right": 0,
                  "top": 0,
                }
              }
            >
              <View
                collapsable={false}
                pointerEvents="auto"
                style={
                  {
                    "backgroundColor": "#ffffff",
                    "borderBottomColor": "rgb(216, 216, 216)",
                    "flex": 1,
                    "shadowColor": "rgba(0, 0, 0, 1)",
                    "shadowOffset": {
                      "height": 0.5,
                      "width": 0,
                    },
                    "shadowOpacity": 0.3,
                    "shadowRadius": 0,
                  }
                }
              />
            </View>
            <View
              pointerEvents="none"
              style={
                {
                  "height": 0,
                }
              }
            />
            <View
              pointerEvents="box-none"
              style={
                [
                  {
                    "alignItems": "stretch",
                    "flex": 1,
                    "flexDirection": "row",
                  },
                  {
                    "marginHorizontal": 5,
                  },
                ]
              }
            >
              <View
                collapsable={false}
                pointerEvents="box-none"
                style={
                  {
                    "alignItems": "center",
                    "flexBasis": 0,
                    "flexDirection": "row",
                    "flexGrow": 1,
                    "justifyContent": "flex-start",
                    "marginStart": 0,
                  }
                }
              />
              <View
                collapsable={false}
                pointerEvents="box-none"
                style={
                  {
                    "justifyContent": "center",
                    "marginHorizontal": 16,
                    "maxWidth": 718,
                  }
                }
              >
                <Text
                  aria-level="1"
                  collapsable={false}
                  numberOfLines={1}
                  onLayout={[Function]}
                  role="heading"
                  style={
                    {
                      "color": "#2bbca2",
                      "fontFamily": "Poppins-Bold",
                      "fontSize": 18,
                      "fontWeight": "bold",
                    }
                  }
                >
                  To Do
                </Text>
              </View>
              <View
                collapsable={false}
                pointerEvents="box-none"
                style={
                  {
                    "alignItems": "center",
                    "flexBasis": 0,
                    "flexDirection": "row",
                    "flexGrow": 1,
                    "justifyContent": "flex-end",
                    "marginEnd": 0,
                  }
                }
              />
            </View>
          </View>
        </View>
        <View
          style={
            {
              "flex": 1,
            }
          }
        >
          <RNCSafeAreaView
            edges={
              {
                "bottom": "off",
                "left": "additive",
                "right": "additive",
                "top": "off",
              }
            }
            style={
              {
                "flex": 1,
              }
            }
            testID="Screen.Tasks"
          >
            <View
              style={
                [
                  {
                    "backgroundColor": "#ffffff",
                    "flex": 1,
                  },
                  {
                    "backgroundColor": "#e0eeec",
                  },
                  undefined,
                ]
              }
              testID="Layout.LayoutContainer"
            >
              <RCTScrollView
                contentContainerStyle={
                  {
                    "paddingHorizontal": 12,
                    "paddingVertical": 30,
                  }
                }
                data={
                  [
                    {
                      "done": false,
                      "id": "1",
                      "title": "Task 1",
                    },
                    {
                      "done": false,
                      "id": "2",
                      "title": "Task 2",
                    },
                  ]
                }
                getItem={[Function]}
                getItemCount={[Function]}
                keyExtractor={[Function]}
                onContentSizeChange={[Function]}
                onLayout={[Function]}
                onMomentumScrollBegin={[Function]}
                onMomentumScrollEnd={[Function]}
                onScroll={[Function]}
                onScrollBeginDrag={[Function]}
                onScrollEndDrag={[Function]}
                removeClippedSubviews={false}
                renderItem={[Function]}
                scrollEventThrottle={0.0001}
                stickyHeaderIndices={[]}
                viewabilityConfigCallbackPairs={[]}
              >
                <View>
                  <View
                    onFocusCapture={[Function]}
                    onLayout={[Function]}
                    style={null}
                  >
                    <View
                      style={
                        [
                          {
                            "backgroundColor": "#ffffff",
                            "borderColor": "#fff",
                            "borderRadius": 16,
                            "borderWidth": 0.5,
                            "paddingHorizontal": 16,
                            "paddingVertical": 16,
                            "width": "100%",
                          },
                          {
                            "backgroundColor": "#ffffff",
                            "borderColor": "#EEECEC",
                          },
                          {
                            "marginBottom": 10,
                          },
                        ]
                      }
                    >
                      <View
                        accessibilityHint="Toggles task done and undone"
                        accessibilityLabel="Tap to check from list"
                        accessibilityRole="radio"
                        accessibilityState={
                          {
                            "busy": undefined,
                            "checked": false,
                            "disabled": undefined,
                            "expanded": undefined,
                            "selected": undefined,
                          }
                        }
                        accessibilityValue={
                          {
                            "max": undefined,
                            "min": undefined,
                            "now": undefined,
                            "text": undefined,
                          }
                        }
                        accessible={true}
                        collapsable={false}
                        focusable={true}
                        onBlur={[Function]}
                        onClick={[Function]}
                        onFocus={[Function]}
                        onResponderGrant={[Function]}
                        onResponderMove={[Function]}
                        onResponderRelease={[Function]}
                        onResponderTerminate={[Function]}
                        onResponderTerminationRequest={[Function]}
                        onStartShouldSetResponder={[Function]}
                        style={
                          [
                            {
                              "alignItems": "center",
                              "flexDirection": "row",
                              "justifyContent": "space-between",
                              "paddingVertical": 2,
                            },
                            {
                              "opacity": 1,
                            },
                          ]
                        }
                      >
                        <Text
                          style={
                            {
                              "color": "#695D5D",
                              "fontFamily": "Poppins-Regular",
                              "fontSize": 14,
                              "textDecorationLine": "none",
                            }
                          }
                        >
                          Task 1
                        </Text>
                        <Text
                          allowFontScaling={false}
                          selectable={false}
                          style={
                            [
                              {
                                "color": "#CECECE",
                                "fontSize": 20,
                              },
                              undefined,
                              {
                                "fontFamily": "Ionicons",
                                "fontStyle": "normal",
                                "fontWeight": "normal",
                              },
                              {},
                            ]
                          }
                        >
                          
                        </Text>
                      </View>
                    </View>
                  </View>
                  <View
                    onFocusCapture={[Function]}
                    onLayout={[Function]}
                    style={null}
                  >
                    <View
                      style={
                        [
                          {
                            "backgroundColor": "#ffffff",
                            "borderColor": "#fff",
                            "borderRadius": 16,
                            "borderWidth": 0.5,
                            "paddingHorizontal": 16,
                            "paddingVertical": 16,
                            "width": "100%",
                          },
                          {
                            "backgroundColor": "#ffffff",
                            "borderColor": "#EEECEC",
                          },
                          {
                            "marginBottom": 10,
                          },
                        ]
                      }
                    >
                      <View
                        accessibilityHint="Toggles task done and undone"
                        accessibilityLabel="Tap to check from list"
                        accessibilityRole="radio"
                        accessibilityState={
                          {
                            "busy": undefined,
                            "checked": false,
                            "disabled": undefined,
                            "expanded": undefined,
                            "selected": undefined,
                          }
                        }
                        accessibilityValue={
                          {
                            "max": undefined,
                            "min": undefined,
                            "now": undefined,
                            "text": undefined,
                          }
                        }
                        accessible={true}
                        collapsable={false}
                        focusable={true}
                        onBlur={[Function]}
                        onClick={[Function]}
                        onFocus={[Function]}
                        onResponderGrant={[Function]}
                        onResponderMove={[Function]}
                        onResponderRelease={[Function]}
                        onResponderTerminate={[Function]}
                        onResponderTerminationRequest={[Function]}
                        onStartShouldSetResponder={[Function]}
                        style={
                          [
                            {
                              "alignItems": "center",
                              "flexDirection": "row",
                              "justifyContent": "space-between",
                              "paddingVertical": 2,
                            },
                            {
                              "opacity": 1,
                            },
                          ]
                        }
                      >
                        <Text
                          style={
                            {
                              "color": "#695D5D",
                              "fontFamily": "Poppins-Regular",
                              "fontSize": 14,
                              "textDecorationLine": "none",
                            }
                          }
                        >
                          Task 2
                        </Text>
                        <Text
                          allowFontScaling={false}
                          selectable={false}
                          style={
                            [
                              {
                                "color": "#CECECE",
                                "fontSize": 20,
                              },
                              undefined,
                              {
                                "fontFamily": "Ionicons",
                                "fontStyle": "normal",
                                "fontWeight": "normal",
                              },
                              {},
                            ]
                          }
                        >
                          
                        </Text>
                      </View>
                    </View>
                  </View>
                </View>
              </RCTScrollView>
              <View
                style={
                  [
                    {
                      "backgroundColor": "#ffffff",
                      "borderColor": "#fff",
                      "borderRadius": 16,
                      "borderWidth": 0.5,
                      "paddingHorizontal": 16,
                      "paddingVertical": 16,
                      "width": "100%",
                    },
                    {
                      "backgroundColor": "#ffffff",
                      "borderColor": "#EEECEC",
                    },
                    [
                      {
                        "borderBottomLeftRadius": 0,
                        "borderBottomRightRadius": 0,
                        "borderTopLeftRadius": 16,
                        "borderTopRightRadius": 16,
                        "borderTopWidth": 0.5,
                        "elevation": 4,
                      },
                      {
                        "borderTopColor": "#EEECEC",
                      },
                    ],
                  ]
                }
              >
                <View
                  style={
                    {
                      "alignItems": "center",
                      "flexDirection": "row",
                      "justifyContent": "space-between",
                    }
                  }
                >
                  <TextInput
                    onChangeText={[Function]}
                    onSubmitEditing={[Function]}
                    placeholder="New Task"
                    placeholderTextColor="#695D5D"
                    style={
                      [
                        {
                          "backgroundColor": "#f6f6f6",
                          "borderColor": "#f0f0f0",
                          "borderRadius": 5,
                          "borderWidth": 0.5,
                          "flex": 1,
                          "fontSize": 14,
                          "height": 45,
                          "paddingHorizontal": 10,
                        },
                        {
                          "fontFamily": "Poppins-Regular",
                          "fontSize": 14,
                        },
                        {
                          "backgroundColor": "#e0eeec",
                          "borderColor": "#e0eeec",
                          "color": "#695D5D",
                        },
                      ]
                    }
                    testID="Tasks.newTaskInput"
                  />
                  <View
                    accessibilityState={
                      {
                        "busy": undefined,
                        "checked": undefined,
                        "disabled": undefined,
                        "expanded": undefined,
                        "selected": undefined,
                      }
                    }
                    accessibilityValue={
                      {
                        "max": undefined,
                        "min": undefined,
                        "now": undefined,
                        "text": undefined,
                      }
                    }
                    accessible={true}
                    collapsable={false}
                    focusable={true}
                    onBlur={[Function]}
                    onClick={[Function]}
                    onFocus={[Function]}
                    onResponderGrant={[Function]}
                    onResponderMove={[Function]}
                    onResponderRelease={[Function]}
                    onResponderTerminate={[Function]}
                    onResponderTerminationRequest={[Function]}
                    onStartShouldSetResponder={[Function]}
                    style={
                      [
                        {
                          "backgroundColor": "purple",
                          "borderRadius": 8,
                          "paddingHorizontal": 16,
                          "paddingVertical": 8,
                        },
                        {
                          "backgroundColor": "#2bbca2",
                        },
                        {
                          "alignItems": "center",
                          "borderRadius": 5,
                          "color": "#fff",
                          "flex": 0.1,
                          "height": 42,
                          "justifyContent": "center",
                          "marginLeft": 5,
                          "padding": 6,
                        },
                      ]
                    }
                  >
                    <Text
                      allowFontScaling={false}
                      selectable={false}
                      style={
                        [
                          {
                            "color": "#e0eeec",
                            "fontSize": 20,
                          },
                          undefined,
                          {
                            "fontFamily": "Ionicons",
                            "fontStyle": "normal",
                            "fontWeight": "normal",
                          },
                          {},
                        ]
                      }
                    >
                      
                    </Text>
                  </View>
                </View>
              </View>
            </View>
          </RNCSafeAreaView>
        </View>
      </View>
    </RNSScreen>
  </RNSScreenNavigationContainer>
  <View
    collapsable={false}
    onLayout={[Function]}
    pointerEvents="auto"
    style={
      {
        "backgroundColor": "#ffffff",
        "borderColor": "rgb(216, 216, 216)",
        "borderTopColor": "#e0eeec",
        "borderTopWidth": 0.5,
        "bottom": 0,
        "elevation": 8,
        "end": 0,
        "height": 49,
        "paddingBottom": 0,
        "paddingHorizontal": 0,
        "paddingTop": 0,
        "position": undefined,
        "start": 0,
        "transform": [
          {
            "translateY": 0,
          },
        ],
      }
    }
  >
    <View
      pointerEvents="none"
      style={
        {
          "bottom": 0,
          "left": 0,
          "position": "absolute",
          "right": 0,
          "top": 0,
        }
      }
    />
    <View
      role="tablist"
      style={
        {
          "flex": 1,
          "flexDirection": "row",
        }
      }
    >
      <View
        style={
          [
            {
              "borderRadius": 0,
              "overflow": "visible",
            },
            [
              {
                "flex": 1,
              },
              undefined,
            ],
          ]
        }
      >
        <View
          accessibilityLabel="To Do, tab, 1 of 3"
          accessibilityLargeContentTitle="To Do"
          accessibilityShowsLargeContentViewer={true}
          accessibilityState={
            {
              "busy": undefined,
              "checked": undefined,
              "disabled": undefined,
              "expanded": undefined,
              "selected": true,
            }
          }
          accessibilityValue={
            {
              "max": undefined,
              "min": undefined,
              "now": undefined,
              "text": undefined,
            }
          }
          accessible={true}
          collapsable={false}
          focusable={true}
          href="/To%20Do"
          onBlur={[Function]}
          onClick={[Function]}
          onFocus={[Function]}
          onResponderGrant={[Function]}
          onResponderMove={[Function]}
          onResponderRelease={[Function]}
          onResponderTerminate={[Function]}
          onResponderTerminationRequest={[Function]}
          onStartShouldSetResponder={[Function]}
          role="button"
          style={
            {
              "alignItems": "center",
              "backgroundColor": "transparent",
              "borderRadius": 0,
              "cursor": "pointer",
              "flex": 1,
              "flexDirection": "column",
              "justifyContent": "flex-start",
              "opacity": 1,
              "padding": 5,
            }
          }
          testID="BottomTab.ToDo"
        >
          <View
            style={
              [
                {
                  "height": 28,
                  "width": 31,
                },
                undefined,
              ]
            }
          >
            <View
              style={
                [
                  {
                    "alignItems": "center",
                    "alignSelf": "center",
                    "height": "100%",
                    "justifyContent": "center",
                    "position": "absolute",
                    "width": "100%",
                  },
                  {
                    "minWidth": 25,
                    "opacity": 1,
                  },
                ]
              }
            >
              <Text
                allowFontScaling={false}
                selectable={false}
                style={
                  [
                    {
                      "color": "#2bbca2",
                      "fontSize": 30,
                    },
                    undefined,
                    {
                      "fontFamily": "Ionicons",
                      "fontStyle": "normal",
                      "fontWeight": "normal",
                    },
                    {},
                  ]
                }
              >
                
              </Text>
            </View>
            <View
              style={
                [
                  {
                    "alignItems": "center",
                    "alignSelf": "center",
                    "height": "100%",
                    "justifyContent": "center",
                    "position": "absolute",
                    "width": "100%",
                  },
                  {
                    "opacity": 0,
                  },
                ]
              }
            >
              <Text
                allowFontScaling={false}
                selectable={false}
                style={
                  [
                    {
                      "color": "#695D5D",
                      "fontSize": 30,
                    },
                    undefined,
                    {
                      "fontFamily": "Ionicons",
                      "fontStyle": "normal",
                      "fontWeight": "normal",
                    },
                    {},
                  ]
                }
              >
                
              </Text>
            </View>
          </View>
          <Text
            numberOfLines={1}
            style={
              [
                {
                  "color": "rgb(28, 28, 30)",
                },
                {
                  "fontFamily": "System",
                  "fontWeight": "400",
                },
                [
                  {
                    "backgroundColor": "transparent",
                    "textAlign": "center",
                  },
                  {
                    "color": "#2bbca2",
                  },
                  [
                    {
                      "fontSize": 10,
                    },
                    {
                      "fontFamily": "System",
                      "fontWeight": "500",
                    },
                    undefined,
                  ],
                ],
              ]
            }
          >
            To Do
          </Text>
        </View>
      </View>
      <View
        style={
          [
            {
              "borderRadius": 0,
              "overflow": "visible",
            },
            [
              {
                "flex": 1,
              },
              undefined,
            ],
          ]
        }
      >
        <View
          accessibilityLabel="NetworkExample, tab, 2 of 3"
          accessibilityLargeContentTitle="NetworkExample"
          accessibilityShowsLargeContentViewer={true}
          accessibilityState={
            {
              "busy": undefined,
              "checked": undefined,
              "disabled": undefined,
              "expanded": undefined,
              "selected": false,
            }
          }
          accessibilityValue={
            {
              "max": undefined,
              "min": undefined,
              "now": undefined,
              "text": undefined,
            }
          }
          accessible={true}
          collapsable={false}
          focusable={true}
          href="/NetworkExample"
          onBlur={[Function]}
          onClick={[Function]}
          onFocus={[Function]}
          onResponderGrant={[Function]}
          onResponderMove={[Function]}
          onResponderRelease={[Function]}
          onResponderTerminate={[Function]}
          onResponderTerminationRequest={[Function]}
          onStartShouldSetResponder={[Function]}
          role="button"
          style={
            {
              "alignItems": "center",
              "backgroundColor": "transparent",
              "borderRadius": 0,
              "cursor": "pointer",
              "flex": 1,
              "flexDirection": "column",
              "justifyContent": "flex-start",
              "opacity": 1,
              "padding": 5,
            }
          }
          testID="BottomTab.Network"
        >
          <View
            style={
              [
                {
                  "height": 28,
                  "width": 31,
                },
                undefined,
              ]
            }
          >
            <View
              style={
                [
                  {
                    "alignItems": "center",
                    "alignSelf": "center",
                    "height": "100%",
                    "justifyContent": "center",
                    "position": "absolute",
                    "width": "100%",
                  },
                  {
                    "minWidth": 25,
                    "opacity": 0,
                  },
                ]
              }
            >
              <Text
                allowFontScaling={false}
                selectable={false}
                style={
                  [
                    {
                      "color": "#2bbca2",
                      "fontSize": 24,
                    },
                    undefined,
                    {
                      "fontFamily": "Ionicons",
                      "fontStyle": "normal",
                      "fontWeight": "normal",
                    },
                    {},
                  ]
                }
              >
                
              </Text>
            </View>
            <View
              style={
                [
                  {
                    "alignItems": "center",
                    "alignSelf": "center",
                    "height": "100%",
                    "justifyContent": "center",
                    "position": "absolute",
                    "width": "100%",
                  },
                  {
                    "opacity": 1,
                  },
                ]
              }
            >
              <Text
                allowFontScaling={false}
                selectable={false}
                style={
                  [
                    {
                      "color": "#695D5D",
                      "fontSize": 24,
                    },
                    undefined,
                    {
                      "fontFamily": "Ionicons",
                      "fontStyle": "normal",
                      "fontWeight": "normal",
                    },
                    {},
                  ]
                }
              >
                
              </Text>
            </View>
          </View>
          <Text
            numberOfLines={1}
            style={
              [
                {
                  "color": "rgb(28, 28, 30)",
                },
                {
                  "fontFamily": "System",
                  "fontWeight": "400",
                },
                [
                  {
                    "backgroundColor": "transparent",
                    "textAlign": "center",
                  },
                  {
                    "color": "#695D5D",
                  },
                  [
                    {
                      "fontSize": 10,
                    },
                    {
                      "fontFamily": "System",
                      "fontWeight": "500",
                    },
                    undefined,
                  ],
                ],
              ]
            }
          >
            NetworkExample
          </Text>
        </View>
      </View>
      <View
        style={
          [
            {
              "borderRadius": 0,
              "overflow": "visible",
            },
            [
              {
                "flex": 1,
              },
              undefined,
            ],
          ]
        }
      >
        <View
          accessibilityLabel="Settings, tab, 3 of 3"
          accessibilityLargeContentTitle="Settings"
          accessibilityShowsLargeContentViewer={true}
          accessibilityState={
            {
              "busy": undefined,
              "checked": undefined,
              "disabled": undefined,
              "expanded": undefined,
              "selected": false,
            }
          }
          accessibilityValue={
            {
              "max": undefined,
              "min": undefined,
              "now": undefined,
              "text": undefined,
            }
          }
          accessible={true}
          collapsable={false}
          focusable={true}
          href="/Settings"
          onBlur={[Function]}
          onClick={[Function]}
          onFocus={[Function]}
          onResponderGrant={[Function]}
          onResponderMove={[Function]}
          onResponderRelease={[Function]}
          onResponderTerminate={[Function]}
          onResponderTerminationRequest={[Function]}
          onStartShouldSetResponder={[Function]}
          role="button"
          style={
            {
              "alignItems": "center",
              "backgroundColor": "transparent",
              "borderRadius": 0,
              "cursor": "pointer",
              "flex": 1,
              "flexDirection": "column",
              "justifyContent": "flex-start",
              "opacity": 1,
              "padding": 5,
            }
          }
          testID="BottomTab.Settings"
        >
          <View
            style={
              [
                {
                  "height": 28,
                  "width": 31,
                },
                undefined,
              ]
            }
          >
            <View
              style={
                [
                  {
                    "alignItems": "center",
                    "alignSelf": "center",
                    "height": "100%",
                    "justifyContent": "center",
                    "position": "absolute",
                    "width": "100%",
                  },
                  {
                    "minWidth": 25,
                    "opacity": 0,
                  },
                ]
              }
            >
              <Text
                allowFontScaling={false}
                selectable={false}
                style={
                  [
                    {
                      "color": "#2bbca2",
                      "fontSize": 24,
                    },
                    undefined,
                    {
                      "fontFamily": "Ionicons",
                      "fontStyle": "normal",
                      "fontWeight": "normal",
                    },
                    {},
                  ]
                }
              >
                
              </Text>
            </View>
            <View
              style={
                [
                  {
                    "alignItems": "center",
                    "alignSelf": "center",
                    "height": "100%",
                    "justifyContent": "center",
                    "position": "absolute",
                    "width": "100%",
                  },
                  {
                    "opacity": 1,
                  },
                ]
              }
            >
              <Text
                allowFontScaling={false}
                selectable={false}
                style={
                  [
                    {
                      "color": "#695D5D",
                      "fontSize": 24,
                    },
                    undefined,
                    {
                      "fontFamily": "Ionicons",
                      "fontStyle": "normal",
                      "fontWeight": "normal",
                    },
                    {},
                  ]
                }
              >
                
              </Text>
            </View>
          </View>
          <Text
            numberOfLines={1}
            style={
              [
                {
                  "color": "rgb(28, 28, 30)",
                },
                {
                  "fontFamily": "System",
                  "fontWeight": "400",
                },
                [
                  {
                    "backgroundColor": "transparent",
                    "textAlign": "center",
                  },
                  {
                    "color": "#695D5D",
                  },
                  [
                    {
                      "fontSize": 10,
                    },
                    {
                      "fontFamily": "System",
                      "fontWeight": "500",
                    },
                    undefined,
                  ],
                ],
              ]
            }
          >
            Settings
          </Text>
        </View>
      </View>
    </View>
  </View>
</RNCSafeAreaProvider>
`;
